campaign_start 2026-06-11T22:33:53
RUN_START condition=C0 drift=rotation seed=42 output=experiment_runs\drift-recovery\scifact_C0_rotation_seed42.json
RUN_OK condition=C0 drift=rotation seed=42 seconds=29.027
RUN_START condition=C0 drift=rotation seed=1337 output=experiment_runs\drift-recovery\scifact_C0_rotation_seed1337.json
RUN_OK condition=C0 drift=rotation seed=1337 seconds=29.378
RUN_START condition=C0 drift=rotation seed=7 output=experiment_runs\drift-recovery\scifact_C0_rotation_seed7.json
RUN_OK condition=C0 drift=rotation seed=7 seconds=28.187
RUN_START condition=C0 drift=noise seed=42 output=experiment_runs\drift-recovery\scifact_C0_noise_seed42.json
RUN_OK condition=C0 drift=noise seed=42 seconds=28.195
RUN_START condition=C0 drift=noise seed=1337 output=experiment_runs\drift-recovery\scifact_C0_noise_seed1337.json
RUN_OK condition=C0 drift=noise seed=1337 seconds=28.901
RUN_START condition=C0 drift=noise seed=7 output=experiment_runs\drift-recovery\scifact_C0_noise_seed7.json
RUN_OK condition=C0 drift=noise seed=7 seconds=28.569
RUN_START condition=C1 drift=rotation seed=42 output=experiment_runs\drift-recovery\scifact_C1_rotation_seed42.json
RUN_OK condition=C1 drift=rotation seed=42 seconds=28.162
RUN_START condition=C1 drift=rotation seed=1337 output=experiment_runs\drift-recovery\scifact_C1_rotation_seed1337.json
RUN_OK condition=C1 drift=rotation seed=1337 seconds=28.897
RUN_START condition=C1 drift=rotation seed=7 output=experiment_runs\drift-recovery\scifact_C1_rotation_seed7.json
RUN_OK condition=C1 drift=rotation seed=7 seconds=29.310
RUN_START condition=C1 drift=noise seed=42 output=experiment_runs\drift-recovery\scifact_C1_noise_seed42.json
RUN_OK condition=C1 drift=noise seed=42 seconds=28.419
RUN_START condition=C1 drift=noise seed=1337 output=experiment_runs\drift-recovery\scifact_C1_noise_seed1337.json
RUN_OK condition=C1 drift=noise seed=1337 seconds=28.112
RUN_START condition=C1 drift=noise seed=7 output=experiment_runs\drift-recovery\scifact_C1_noise_seed7.json
RUN_OK condition=C1 drift=noise seed=7 seconds=28.286
RUN_START condition=C2 drift=rotation seed=42 output=experiment_runs\drift-recovery\scifact_C2_rotation_seed42.json
RUN_OK condition=C2 drift=rotation seed=42 seconds=38.169
RUN_START condition=C2 drift=rotation seed=1337 output=experiment_runs\drift-recovery\scifact_C2_rotation_seed1337.json
RUN_OK condition=C2 drift=rotation seed=1337 seconds=38.504
RUN_START condition=C2 drift=rotation seed=7 output=experiment_runs\drift-recovery\scifact_C2_rotation_seed7.json
RUN_OK condition=C2 drift=rotation seed=7 seconds=38.958
RUN_START condition=C2 drift=noise seed=42 output=experiment_runs\drift-recovery\scifact_C2_noise_seed42.json
RUN_OK condition=C2 drift=noise seed=42 seconds=38.346
RUN_START condition=C2 drift=noise seed=1337 output=experiment_runs\drift-recovery\scifact_C2_noise_seed1337.json
RUN_OK condition=C2 drift=noise seed=1337 seconds=39.029
RUN_START condition=C2 drift=noise seed=7 output=experiment_runs\drift-recovery\scifact_C2_noise_seed7.json
RUN_OK condition=C2 drift=noise seed=7 seconds=38.485
RUN_START condition=C3 drift=rotation seed=42 output=experiment_runs\drift-recovery\scifact_C3_rotation_seed42.json
RUN_OK condition=C3 drift=rotation seed=42 seconds=43.639
RUN_START condition=C3 drift=rotation seed=1337 output=experiment_runs\drift-recovery\scifact_C3_rotation_seed1337.json
RUN_OK condition=C3 drift=rotation seed=1337 seconds=44.121
RUN_START condition=C3 drift=rotation seed=7 output=experiment_runs\drift-recovery\scifact_C3_rotation_seed7.json
RUN_OK condition=C3 drift=rotation seed=7 seconds=44.631
RUN_START condition=C3 drift=noise seed=42 output=experiment_runs\drift-recovery\scifact_C3_noise_seed42.json
RUN_OK condition=C3 drift=noise seed=42 seconds=43.647
RUN_START condition=C3 drift=noise seed=1337 output=experiment_runs\drift-recovery\scifact_C3_noise_seed1337.json
RUN_OK condition=C3 drift=noise seed=1337 seconds=43.725
RUN_START condition=C3 drift=noise seed=7 output=experiment_runs\drift-recovery\scifact_C3_noise_seed7.json
RUN_OK condition=C3 drift=noise seed=7 seconds=44.646
RUN_START condition=C4 drift=rotation seed=42 output=experiment_runs\drift-recovery\scifact_C4_rotation_seed42.json
RUN_OK condition=C4 drift=rotation seed=42 seconds=43.107
RUN_START condition=C4 drift=rotation seed=1337 output=experiment_runs\drift-recovery\scifact_C4_rotation_seed1337.json
RUN_OK condition=C4 drift=rotation seed=1337 seconds=43.340
RUN_START condition=C4 drift=rotation seed=7 output=experiment_runs\drift-recovery\scifact_C4_rotation_seed7.json
RUN_OK condition=C4 drift=rotation seed=7 seconds=44.351
RUN_START condition=C4 drift=noise seed=42 output=experiment_runs\drift-recovery\scifact_C4_noise_seed42.json
RUN_OK condition=C4 drift=noise seed=42 seconds=43.577
RUN_START condition=C4 drift=noise seed=1337 output=experiment_runs\drift-recovery\scifact_C4_noise_seed1337.json
RUN_OK condition=C4 drift=noise seed=1337 seconds=43.143
RUN_START condition=C4 drift=noise seed=7 output=experiment_runs\drift-recovery\scifact_C4_noise_seed7.json
RUN_OK condition=C4 drift=noise seed=7 seconds=43.347
campaign_complete completed=30 failed=0 2026-06-11T22:52:13
